<testsuites id="" name="" tests="1" failures="0" skipped="0" errors="0" time="3.3538930000000002">
<testsuite name="api/product.spec.ts" timestamp="2026-05-21T11:13:49.991Z" hostname="smoke-api" tests="1" failures="0" skipped="0" time="0.492" errors="0">
<testcase name="Tests de connexion › @smoke API liste produits" classname="api/product.spec.ts" time="0.492">
</testcase>
</testsuite>
</testsuites>